0 verbose cli /usr/local/bin/node /usr/local/bin/npm
1 info using npm@9.9.4
2 info using node@v19.9.0
3 timing npm:load:whichnode Completed in 22ms
4 timing config:load:defaults Completed in 9ms
5 timing config:load:file:/usr/local/lib/node_modules/npm/npmrc Completed in 8ms
6 timing config:load:builtin Completed in 18ms
7 timing config:load:cli Completed in 110ms
8 timing config:load:env Completed in 3ms
9 timing config:load:project Completed in 55ms
10 timing config:load:file:/home/container/.npmrc Completed in 22ms
11 timing config:load:user Completed in 23ms
12 timing config:load:file:/usr/local/etc/npmrc Completed in 6ms
13 timing config:load:global Completed in 16ms
14 timing config:load:setEnvs Completed in 3ms
15 timing config:load Completed in 244ms
16 timing npm:load:configload Completed in 244ms
17 timing config:load:flatten Completed in 12ms
18 timing npm:load:mkdirpcache Completed in 2ms
19 timing npm:load:mkdirplogs Completed in 4ms
20 verbose title npm install
21 verbose argv "install"
22 timing npm:load:setTitle Completed in 13ms
23 timing npm:load:display Completed in 8ms
24 verbose logfile logs-max:10 dir:/home/container/.npm/_logs/2026-06-24T08_20_21_859Z-
25 verbose logfile /home/container/.npm/_logs/2026-06-24T08_20_21_859Z-debug-0.log
26 timing npm:load:logFile Completed in 45ms
27 timing npm:load:timers Completed in 1ms
28 timing npm:load:configScope Completed in 0ms
29 timing npm:load Completed in 490ms
30 timing arborist:ctor Completed in 2ms
31 silly logfile done cleaning log files
32 timing idealTree:init Completed in 380ms
33 timing idealTree:userRequests Completed in 3ms
34 silly idealTree buildDeps
35 timing idealTree:#root Completed in 1ms
36 timing idealTree:buildDeps Completed in 5ms
37 timing idealTree:fixDepFlags Completed in 0ms
38 timing idealTree Completed in 397ms
39 verbose shrinkwrap failed to load node_modules/.package-lock.json out of date, updated: node_modules
40 timing reify:loadTrees Completed in 903ms
41 timing reify:diffTrees Completed in 24ms
42 silly reify moves {}
43 timing reify:retireShallow Completed in 3ms
44 timing reify:createSparse Completed in 0ms
45 timing reify:loadBundles Completed in 0ms
46 silly audit bulk request {
46 silly audit   '@discordjs/builders': [ '1.14.1' ],
46 silly audit   '@discordjs/collection': [ '1.5.3', '2.1.1' ],
46 silly audit   '@discordjs/formatters': [ '0.6.2' ],
46 silly audit   '@discordjs/rest': [ '2.6.1' ],
46 silly audit   '@sapphire/snowflake': [ '3.5.5', '3.5.3' ],
46 silly audit   '@discordjs/util': [ '1.2.0' ],
46 silly audit   '@discordjs/ws': [ '1.2.3' ],
46 silly audit   '@sapphire/async-queue': [ '1.5.5' ],
46 silly audit   '@sapphire/shapeshift': [ '4.0.0' ],
46 silly audit   '@types/node': [ '26.0.0' ],
46 silly audit   '@types/ws': [ '8.18.1' ],
46 silly audit   '@vladfrangu/async_event_emitter': [ '2.4.7' ],
46 silly audit   'discord-api-types': [ '0.38.49' ],
46 silly audit   'discord.js': [ '14.26.4' ],
46 silly audit   dotenv: [ '16.6.1' ],
46 silly audit   'fast-deep-equal': [ '3.1.3' ],
46 silly audit   lodash: [ '4.18.1' ],
46 silly audit   'lodash.snakecase': [ '4.1.1' ],
46 silly audit   'magic-bytes.js': [ '1.13.0' ],
46 silly audit   'ts-mixer': [ '6.0.4' ],
46 silly audit   tslib: [ '2.8.1' ],
46 silly audit   undici: [ '6.27.0' ],
46 silly audit   'undici-types': [ '8.3.0' ],
46 silly audit   ws: [ '8.21.0' ]
46 silly audit }
47 timing reify:unpack Completed in 1ms
48 timing reify:unretire Completed in 2ms
49 timing build:queue Completed in 0ms
50 timing build:deps Completed in 1ms
51 timing build Completed in 2ms
52 timing reify:build Completed in 2ms
53 timing reify:trash Completed in 0ms
54 timing reify:save Completed in 45ms
55 http fetch POST 200 https://registry.npmjs.org/-/npm/v1/security/advisories/bulk 459ms
56 timing auditReport:getReport Completed in 467ms
57 silly audit report {}
58 timing auditReport:init Completed in 0ms
59 timing reify:audit Completed in 469ms
60 timing reify Completed in 1837ms
61 timing command:install Completed in 2003ms
62 verbose exit 0
63 timing npm Completed in 4092ms
64 info ok
